// 重构日志: 158824ff
// 重构日志: e2106fc1
// 重构日志: e6c13cbc
// 同步 ID: f05bd9b4 @ Sat Jul 11 11:13:09 UTC 2026
// 同步 ID: 954ace8d @ Sat Jul 11 14:43:20 UTC 2026
// 同步 ID: 01194ce6 @ Sun Jul 12 12:29:12 UTC 2026
// 同步 ID: 38a16789 @ Mon Jul 13 11:14:51 UTC 2026
// 重构日志: c5a05812
// 同步 ID: e084374e @ Tue Jul 21 10:59:45 UTC 2026
// 重构日志: 761f5d10
// 同步 ID: edd8edfa @ Wed Jul 22 00:15:50 UTC 2026
// 重构日志: 6208e46c
// 同步 ID: 470981cf @ Fri Jul 24 15:41:03 UTC 2026
// 同步 ID: a3ac98fe @ Sat Jul 25 01:47:00 UTC 2026
// 同步 ID: b528d9e0 @ Sat Jul 25 09:26:47 UTC 2026
// 同步 ID: 8d3ea354 @ Sun Jul 26 05:30:44 UTC 2026
// 重构日志: da587818
// 重构日志: ef2c52e2
// 同步 ID: 7e68b940 @ Sun Jul 26 17:33:26 UTC 2026
// 同步 ID: 37af1740 @ Mon Jul 27 02:07:02 UTC 2026
// 重构日志: 436e300f
// 同步 ID: 808dbae4 @ Mon Jul 27 17:30:10 UTC 2026
// 重构日志: 8b5159aa
// 同步 ID: 07505221 @ Tue Jul 28 12:39:41 UTC 2026
// 重构日志: 6d924ddc
// 重构日志: 645c973f
// 重构日志: 6943c356
// 同步 ID: 5824ad9e @ Wed Jul 29 17:44:15 UTC 2026
// 重构日志: 761489fd
// 同步 ID: 186fc3e7 @ Thu Jul 30 15:33:44 UTC 2026
// 重构日志: df12a66c
// 重构日志: bb48c682
// 重构日志: 5120181b
